bun.exe : $ next build
At C:\Program Files\nod
ejs\bun.ps1:14 char:3
+   & "$basedir/node_mo
dules/bun/bin/bun.exe" 
  $args
+   ~~~~~~~~~~~~~~~~~~~
~~~~~~~~~~~~~~~~~~~~~~~
~~~~~~~
    + CategoryInfo     
         : NotSpecifi  
  ed: ($ next build:   
 String) [], Remote    
Exception
    + FullyQualifiedEr 
   rorId : NativeComm  
  andError
 
Γû▓ Next.js 16.1.7 (Turbopack)

  Creating an optimized production build ...

> Build error occurred
Error: Turbopack build 
failed with 1 errors:
./src/app/layout.tsx:9:
15
Ecmascript file had an 
error
[0m [90m  7 |[39m
 [90m  8 |[39m 
[90m// Dynamically 
import Scene to avoid 
SSR issues with 
Three.js[39m
[31m[1m>[22m[39m[9
0m  9 |[39m 
[36mconst[39m 
[33mScene[39m 
[33m=[39m dynamic(() 
[33m=>[39m [36mimpor
t[39m([32m'@/componen
ts/Scene'[39m)[33m,[
39m { ssr[33m:[39m 
[36mfalse[39m })
 [90m    |[39m       
        [31m[1m^[22m
[39m[31m[1m^[22m[3
9m[31m[1m^[22m[39m
[31m[1m^[22m[39m[31
m[1m^[22m[39m[31m[
1m^[22m[39m[31m[1m^
[22m[39m[31m[1m^[2
2m[39m[31m[1m^[22m
[39m[31m[1m^[22m[39
m[31m[1m^[22m[39m[
31m[1m^[22m[39m[31m
[1m^[22m[39m[31m[1
m^[22m[39m[31m[1m^
[22m[39m[31m[1m^[22
m[39m[31m[1m^[22m[
39m[31m[1m^[22m[39m
[31m[1m^[22m[39m[3
1m[1m^[22m[39m[31m
[1m^[22m[39m[31m[1m
^[22m[39m[31m[1m^[
22m[39m[31m[1m^[22m
[39m[31m[1m^[22m[3
9m[31m[1m^[22m[39m
[31m[1m^[22m[39m[31
m[1m^[22m[39m[31m[
1m^[22m[39m[31m[1m^
[22m[39m[31m[1m^[2
2m[39m[31m[1m^[22m
[39m[31m[1m^[22m[39
m[31m[1m^[22m[39m[
31m[1m^[22m[39m[31m
[1m^[22m[39m[31m[1
m^[22m[39m[31m[1m^
[22m[39m[31m[1m^[22
m[39m[31m[1m^[22m[
39m[31m[1m^[22m[39m
[31m[1m^[22m[39m[3
1m[1m^[22m[39m[31m
[1m^[22m[39m[31m[1m
^[22m[39m[31m[1m^[
22m[39m[31m[1m^[22m
[39m[31m[1m^[22m[3
9m[31m[1m^[22m[39m
[31m[1m^[22m[39m[31
m[1m^[22m[39m[31m[
1m^[22m[39m[31m[1m^
[22m[39m[31m[1m^[2
2m[39m[31m[1m^[22m
[39m[31m[1m^[22m[39
m[31m[1m^[22m[39m[
31m[1m^[22m[39m[31m
[1m^[22m[39m
 [90m 10 |[39m
 [90m 11 |[39m 
[36mconst[39m inter 
[33m=[39m 
[33mInter[39m({ 
subsets[33m:[39m 
[[32m'latin'[39m] })
 [90m 12 |[39m[0m

`ssr: false` is not 
allowed with 
`next/dynamic` in 
Server Components. 
Please move it into a 
Client Component.


    at <unknown> (./src
/app/layout.tsx:9:15)
error: script "build" 
exited with code 1
